// Jest Snapshot v1, https://goo.gl/fbAQLP

exports[`MainNav should render 1`] = `
ShallowWrapper {
  Symbol(enzyme.__root__): [Circular],
  Symbol(enzyme.__unrendered__): <EditorNav />,
  Symbol(enzyme.__renderer__): Object {
    "batchedUpdates": [Function],
    "getNode": [Function],
    "render": [Function],
    "simulateError": [Function],
    "simulateEvent": [Function],
    "unmount": [Function],
  },
  Symbol(enzyme.__node__): Object {
    "instance": null,
    "key": undefined,
    "nodeType": "function",
    "props": Object {
      "children": <ForwardRef>
        <h1
          data-align={true}
        >
          <Link
            href="/"
          >
            <a
              data-align={true}
            >
              <SLogoImage />
            </a>
          </Link>
        </h1>
      </ForwardRef>,
      "className": undefined,
    },
    "ref": null,
    "rendered": Object {
      "instance": null,
      "key": undefined,
      "nodeType": "function",
      "props": Object {
        "children": <h1
          data-align={true}
        >
          <Link
            href="/"
          >
            <a
              data-align={true}
            >
              <SLogoImage />
            </a>
          </Link>
        </h1>,
      },
      "ref": null,
      "rendered": Object {
        "instance": null,
        "key": undefined,
        "nodeType": "host",
        "props": Object {
          "children": <Link
            href="/"
          >
            <a
              data-align={true}
            >
              <SLogoImage />
            </a>
          </Link>,
          "data-align": true,
        },
        "ref": null,
        "rendered": Object {
          "instance": null,
          "key": undefined,
          "nodeType": "class",
          "props": Object {
            "children": <a
              data-align={true}
            >
              <SLogoImage />
            </a>,
            "href": "/",
          },
          "ref": null,
          "rendered": Object {
            "instance": null,
            "key": undefined,
            "nodeType": "host",
            "props": Object {
              "children": <SLogoImage />,
              "data-align": true,
            },
            "ref": null,
            "rendered": Object {
              "instance": null,
              "key": undefined,
              "nodeType": "function",
              "props": Object {},
              "ref": null,
              "rendered": null,
              "type": [Function],
            },
            "type": "a",
          },
          "type": [Function],
        },
        "type": "h1",
      },
      "type": Object {
        "$$typeof": Symbol(react.forward_ref),
        "attrs": Array [],
        "componentStyle": ComponentStyle {
          "componentId": "EditorNav__NavContainer-sc-5nwyvu-1",
          "isStatic": true,
          "rules": Array [
            "width:100%;max-width:1200px;margin:0 auto;",
            "display:inherit;align-items:center;h1,a{margin:0;}[data-align]{display:inherit;align-items:center;}",
          ],
        },
        "displayName": "EditorNav__NavContainer",
        "foldedComponentIds": Array [
          "StyledLayout__SContainer-sc-1ec2pa7-2",
        ],
        "render": [Function],
        "styledComponentId": "EditorNav__NavContainer-sc-5nwyvu-1",
        "target": "div",
        "toString": [Function],
        "warnTooManyClasses": [Function],
        "withComponent": [Function],
      },
    },
    "type": Object {
      "$$typeof": Symbol(react.forward_ref),
      "attrs": Array [],
      "componentStyle": ComponentStyle {
        "componentId": "EditorNav__Nav-sc-5nwyvu-0",
        "isStatic": false,
        "rules": Array [
          "
    position: relative;
    display: flex;
    flex-direction: row;
    justify-content: flex-start;
    align-items: flex-start;
    flex-wrap: wrap;
    min-width: auto;
    width: auto;
    min-height: auto;
    height: auto;
    ;
  ",
          ";align-items:center;height:70px;background-color:",
          [Function],
          ";",
        ],
      },
      "displayName": "EditorNav__Nav",
      "foldedComponentIds": Array [],
      "render": [Function],
      "styledComponentId": "EditorNav__Nav-sc-5nwyvu-0",
      "target": [Function],
      "toString": [Function],
      "warnTooManyClasses": [Function],
      "withComponent": [Function],
      Symbol(Symbol.hasInstance): [Function],
    },
  },
  Symbol(enzyme.__nodes__): Array [
    Object {
      "instance": null,
      "key": undefined,
      "nodeType": "function",
      "props": Object {
        "children": <ForwardRef>
          <h1
            data-align={true}
          >
            <Link
              href="/"
            >
              <a
                data-align={true}
              >
                <SLogoImage />
              </a>
            </Link>
          </h1>
        </ForwardRef>,
        "className": undefined,
      },
      "ref": null,
      "rendered": Object {
        "instance": null,
        "key": undefined,
        "nodeType": "function",
        "props": Object {
          "children": <h1
            data-align={true}
          >
            <Link
              href="/"
            >
              <a
                data-align={true}
              >
                <SLogoImage />
              </a>
            </Link>
          </h1>,
        },
        "ref": null,
        "rendered": Object {
          "instance": null,
          "key": undefined,
          "nodeType": "host",
          "props": Object {
            "children": <Link
              href="/"
            >
              <a
                data-align={true}
              >
                <SLogoImage />
              </a>
            </Link>,
            "data-align": true,
          },
          "ref": null,
          "rendered": Object {
            "instance": null,
            "key": undefined,
            "nodeType": "class",
            "props": Object {
              "children": <a
                data-align={true}
              >
                <SLogoImage />
              </a>,
              "href": "/",
            },
            "ref": null,
            "rendered": Object {
              "instance": null,
              "key": undefined,
              "nodeType": "host",
              "props": Object {
                "children": <SLogoImage />,
                "data-align": true,
              },
              "ref": null,
              "rendered": Object {
                "instance": null,
                "key": undefined,
                "nodeType": "function",
                "props": Object {},
                "ref": null,
                "rendered": null,
                "type": [Function],
              },
              "type": "a",
            },
            "type": [Function],
          },
          "type": "h1",
        },
        "type": Object {
          "$$typeof": Symbol(react.forward_ref),
          "attrs": Array [],
          "componentStyle": ComponentStyle {
            "componentId": "EditorNav__NavContainer-sc-5nwyvu-1",
            "isStatic": true,
            "rules": Array [
              "width:100%;max-width:1200px;margin:0 auto;",
              "display:inherit;align-items:center;h1,a{margin:0;}[data-align]{display:inherit;align-items:center;}",
            ],
          },
          "displayName": "EditorNav__NavContainer",
          "foldedComponentIds": Array [
            "StyledLayout__SContainer-sc-1ec2pa7-2",
          ],
          "render": [Function],
          "styledComponentId": "EditorNav__NavContainer-sc-5nwyvu-1",
          "target": "div",
          "toString": [Function],
          "warnTooManyClasses": [Function],
          "withComponent": [Function],
        },
      },
      "type": Object {
        "$$typeof": Symbol(react.forward_ref),
        "attrs": Array [],
        "componentStyle": ComponentStyle {
          "componentId": "EditorNav__Nav-sc-5nwyvu-0",
          "isStatic": false,
          "rules": Array [
            "
    position: relative;
    display: flex;
    flex-direction: row;
    justify-content: flex-start;
    align-items: flex-start;
    flex-wrap: wrap;
    min-width: auto;
    width: auto;
    min-height: auto;
    height: auto;
    ;
  ",
            ";align-items:center;height:70px;background-color:",
            [Function],
            ";",
          ],
        },
        "displayName": "EditorNav__Nav",
        "foldedComponentIds": Array [],
        "render": [Function],
        "styledComponentId": "EditorNav__Nav-sc-5nwyvu-0",
        "target": [Function],
        "toString": [Function],
        "warnTooManyClasses": [Function],
        "withComponent": [Function],
        Symbol(Symbol.hasInstance): [Function],
      },
    },
  ],
  Symbol(enzyme.__options__): Object {
    "adapter": ReactSixteenAdapter {
      "options": Object {
        "enableComponentDidUpdateOnSetState": true,
        "lifecycles": Object {
          "componentDidUpdate": Object {
            "onSetState": true,
          },
          "getDerivedStateFromProps": true,
          "getSnapshotBeforeUpdate": true,
          "setState": Object {
            "skipsComponentDidUpdateOnNullish": true,
          },
        },
      },
    },
  },
}
`;
