// Jest Snapshot v1, https://goo.gl/fbAQLP

exports[`MainFooter should render 1`] = `
ShallowWrapper {
  Symbol(enzyme.__root__): [Circular],
  Symbol(enzyme.__unrendered__): <MainFooter />,
  Symbol(enzyme.__renderer__): Object {
    "batchedUpdates": [Function],
    "getNode": [Function],
    "render": [Function],
    "simulateError": [Function],
    "simulateEvent": [Function],
    "unmount": [Function],
  },
  Symbol(enzyme.__node__): Object {
    "instance": null,
    "key": undefined,
    "nodeType": "function",
    "props": Object {
      "children": <ForwardRef>
        <address>
          GitCodeShare.com ⓒ 2018
        </address>
        <ForwardRef>
          <ForwardRef
            mode="horizontal"
          >
            <MenuItem>
              <Link
                href="https://jsdev.kr/"
              >
                <a
                  target="_blank"
                >
                  JSDEVKR
                </a>
              </Link>
            </MenuItem>
            <MenuItem>
              <Link
                href="/contributors"
              >
                <a>
                  Contributors
                </a>
              </Link>
            </MenuItem>
            <MenuItem>
              <Link
                href="https://github.com/kosslab-kr/gitCodeShare.com"
              >
                <a
                  target="_blank"
                >
                  Github Repository
                </a>
              </Link>
            </MenuItem>
            <MenuItem>
              <Link
                href="/"
              >
                <a>
                  Terms of Service
                </a>
              </Link>
            </MenuItem>
            <MenuItem>
              <Link
                href="/"
              >
                <a>
                  Privacy Police
                </a>
              </Link>
            </MenuItem>
          </ForwardRef>
        </ForwardRef>
      </ForwardRef>,
    },
    "ref": null,
    "rendered": Object {
      "instance": null,
      "key": undefined,
      "nodeType": "function",
      "props": Object {
        "children": Array [
          <address>
            GitCodeShare.com ⓒ 2018
          </address>,
          <ForwardRef>
            <ForwardRef
              mode="horizontal"
            >
              <MenuItem>
                <Link
                  href="https://jsdev.kr/"
                >
                  <a
                    target="_blank"
                  >
                    JSDEVKR
                  </a>
                </Link>
              </MenuItem>
              <MenuItem>
                <Link
                  href="/contributors"
                >
                  <a>
                    Contributors
                  </a>
                </Link>
              </MenuItem>
              <MenuItem>
                <Link
                  href="https://github.com/kosslab-kr/gitCodeShare.com"
                >
                  <a
                    target="_blank"
                  >
                    Github Repository
                  </a>
                </Link>
              </MenuItem>
              <MenuItem>
                <Link
                  href="/"
                >
                  <a>
                    Terms of Service
                  </a>
                </Link>
              </MenuItem>
              <MenuItem>
                <Link
                  href="/"
                >
                  <a>
                    Privacy Police
                  </a>
                </Link>
              </MenuItem>
            </ForwardRef>
          </ForwardRef>,
        ],
      },
      "ref": null,
      "rendered": Array [
        Object {
          "instance": null,
          "key": undefined,
          "nodeType": "host",
          "props": Object {
            "children": "GitCodeShare.com ⓒ 2018",
          },
          "ref": null,
          "rendered": "GitCodeShare.com ⓒ 2018",
          "type": "address",
        },
        Object {
          "instance": null,
          "key": undefined,
          "nodeType": "function",
          "props": Object {
            "children": <ForwardRef
              mode="horizontal"
            >
              <MenuItem>
                <Link
                  href="https://jsdev.kr/"
                >
                  <a
                    target="_blank"
                  >
                    JSDEVKR
                  </a>
                </Link>
              </MenuItem>
              <MenuItem>
                <Link
                  href="/contributors"
                >
                  <a>
                    Contributors
                  </a>
                </Link>
              </MenuItem>
              <MenuItem>
                <Link
                  href="https://github.com/kosslab-kr/gitCodeShare.com"
                >
                  <a
                    target="_blank"
                  >
                    Github Repository
                  </a>
                </Link>
              </MenuItem>
              <MenuItem>
                <Link
                  href="/"
                >
                  <a>
                    Terms of Service
                  </a>
                </Link>
              </MenuItem>
              <MenuItem>
                <Link
                  href="/"
                >
                  <a>
                    Privacy Police
                  </a>
                </Link>
              </MenuItem>
            </ForwardRef>,
          },
          "ref": null,
          "rendered": Object {
            "instance": null,
            "key": undefined,
            "nodeType": "function",
            "props": Object {
              "children": Array [
                <MenuItem>
                  <Link
                    href="https://jsdev.kr/"
                  >
                    <a
                      target="_blank"
                    >
                      JSDEVKR
                    </a>
                  </Link>
                </MenuItem>,
                <MenuItem>
                  <Link
                    href="/contributors"
                  >
                    <a>
                      Contributors
                    </a>
                  </Link>
                </MenuItem>,
                <MenuItem>
                  <Link
                    href="https://github.com/kosslab-kr/gitCodeShare.com"
                  >
                    <a
                      target="_blank"
                    >
                      Github Repository
                    </a>
                  </Link>
                </MenuItem>,
                <MenuItem>
                  <Link
                    href="/"
                  >
                    <a>
                      Terms of Service
                    </a>
                  </Link>
                </MenuItem>,
                <MenuItem>
                  <Link
                    href="/"
                  >
                    <a>
                      Privacy Police
                    </a>
                  </Link>
                </MenuItem>,
              ],
              "mode": "horizontal",
            },
            "ref": null,
            "rendered": Array [
              Object {
                "instance": null,
                "key": undefined,
                "nodeType": "class",
                "props": Object {
                  "children": <Link
                    href="https://jsdev.kr/"
                  >
                    <a
                      target="_blank"
                    >
                      JSDEVKR
                    </a>
                  </Link>,
                },
                "ref": null,
                "rendered": Object {
                  "instance": null,
                  "key": undefined,
                  "nodeType": "class",
                  "props": Object {
                    "children": <a
                      target="_blank"
                    >
                      JSDEVKR
                    </a>,
                    "href": "https://jsdev.kr/",
                  },
                  "ref": null,
                  "rendered": Object {
                    "instance": null,
                    "key": undefined,
                    "nodeType": "host",
                    "props": Object {
                      "children": "JSDEVKR",
                      "target": "_blank",
                    },
                    "ref": null,
                    "rendered": "JSDEVKR",
                    "type": "a",
                  },
                  "type": [Function],
                },
                "type": [Function],
              },
              Object {
                "instance": null,
                "key": undefined,
                "nodeType": "class",
                "props": Object {
                  "children": <Link
                    href="/contributors"
                  >
                    <a>
                      Contributors
                    </a>
                  </Link>,
                },
                "ref": null,
                "rendered": Object {
                  "instance": null,
                  "key": undefined,
                  "nodeType": "class",
                  "props": Object {
                    "children": <a>
                      Contributors
                    </a>,
                    "href": "/contributors",
                  },
                  "ref": null,
                  "rendered": Object {
                    "instance": null,
                    "key": undefined,
                    "nodeType": "host",
                    "props": Object {
                      "children": "Contributors",
                    },
                    "ref": null,
                    "rendered": "Contributors",
                    "type": "a",
                  },
                  "type": [Function],
                },
                "type": [Function],
              },
              Object {
                "instance": null,
                "key": undefined,
                "nodeType": "class",
                "props": Object {
                  "children": <Link
                    href="https://github.com/kosslab-kr/gitCodeShare.com"
                  >
                    <a
                      target="_blank"
                    >
                      Github Repository
                    </a>
                  </Link>,
                },
                "ref": null,
                "rendered": Object {
                  "instance": null,
                  "key": undefined,
                  "nodeType": "class",
                  "props": Object {
                    "children": <a
                      target="_blank"
                    >
                      Github Repository
                    </a>,
                    "href": "https://github.com/kosslab-kr/gitCodeShare.com",
                  },
                  "ref": null,
                  "rendered": Object {
                    "instance": null,
                    "key": undefined,
                    "nodeType": "host",
                    "props": Object {
                      "children": "Github Repository",
                      "target": "_blank",
                    },
                    "ref": null,
                    "rendered": "Github Repository",
                    "type": "a",
                  },
                  "type": [Function],
                },
                "type": [Function],
              },
              Object {
                "instance": null,
                "key": undefined,
                "nodeType": "class",
                "props": Object {
                  "children": <Link
                    href="/"
                  >
                    <a>
                      Terms of Service
                    </a>
                  </Link>,
                },
                "ref": null,
                "rendered": Object {
                  "instance": null,
                  "key": undefined,
                  "nodeType": "class",
                  "props": Object {
                    "children": <a>
                      Terms of Service
                    </a>,
                    "href": "/",
                  },
                  "ref": null,
                  "rendered": Object {
                    "instance": null,
                    "key": undefined,
                    "nodeType": "host",
                    "props": Object {
                      "children": "Terms of Service",
                    },
                    "ref": null,
                    "rendered": "Terms of Service",
                    "type": "a",
                  },
                  "type": [Function],
                },
                "type": [Function],
              },
              Object {
                "instance": null,
                "key": undefined,
                "nodeType": "class",
                "props": Object {
                  "children": <Link
                    href="/"
                  >
                    <a>
                      Privacy Police
                    </a>
                  </Link>,
                },
                "ref": null,
                "rendered": Object {
                  "instance": null,
                  "key": undefined,
                  "nodeType": "class",
                  "props": Object {
                    "children": <a>
                      Privacy Police
                    </a>,
                    "href": "/",
                  },
                  "ref": null,
                  "rendered": Object {
                    "instance": null,
                    "key": undefined,
                    "nodeType": "host",
                    "props": Object {
                      "children": "Privacy Police",
                    },
                    "ref": null,
                    "rendered": "Privacy Police",
                    "type": "a",
                  },
                  "type": [Function],
                },
                "type": [Function],
              },
            ],
            "type": Object {
              "$$typeof": Symbol(react.forward_ref),
              "Divider": [Function],
              "Item": [Function],
              "ItemGroup": [Function],
              "SubMenu": [Function],
              "attrs": undefined,
              "componentStyle": ComponentStyle {
                "componentId": "StyledMenu__MainNavMenu-l7ya14-0",
                "isStatic": false,
                "rules": Array [
                  "&.ant-menu{margin:0;border-bottom:none;background-color:transparent;li,li:hover,li:focus{border-bottom:none;a{color:",
                  [Function],
                  ";}}}",
                ],
              },
              "displayName": "StyledMenu__MainNavMenu",
              "render": [Function],
              "styledComponentId": "StyledMenu__MainNavMenu-l7ya14-0",
              "target": [Function],
              "warnTooManyClasses": [Function],
              "withComponent": [Function],
              Symbol(Symbol.hasInstance): [Function],
            },
          },
          "type": Object {
            "$$typeof": Symbol(react.forward_ref),
            "attrs": undefined,
            "componentStyle": ComponentStyle {
              "componentId": "StyledFlexBox__FlexRightBox-pel0bf-1",
              "isStatic": true,
              "rules": Array [
                "margin-left:auto;display:inherit;align-items:center;",
              ],
            },
            "displayName": "StyledFlexBox__FlexRightBox",
            "render": [Function],
            "styledComponentId": "StyledFlexBox__FlexRightBox-pel0bf-1",
            "target": "div",
            "warnTooManyClasses": [Function],
            "withComponent": [Function],
          },
        },
      ],
      "type": Object {
        "$$typeof": Symbol(react.forward_ref),
        "attrs": undefined,
        "componentStyle": ComponentStyle {
          "componentId": "MainFooter__FooterContainer-sc-1t0flvz-1",
          "isStatic": true,
          "rules": Array [
            "width:100%;max-width:1200px;margin:0 auto;",
            "display:inherit;padding-top:28px;address{margin:auto 0;}",
          ],
        },
        "displayName": "MainFooter__FooterContainer",
        "render": [Function],
        "styledComponentId": "MainFooter__FooterContainer-sc-1t0flvz-1",
        "target": "div",
        "warnTooManyClasses": [Function],
        "withComponent": [Function],
      },
    },
    "type": Object {
      "$$typeof": Symbol(react.forward_ref),
      "attrs": undefined,
      "componentStyle": ComponentStyle {
        "componentId": "MainFooter__FooterWrap-sc-1t0flvz-0",
        "isStatic": false,
        "rules": Array [
          "
    position: relative;
    display: flex;
    flex-direction: row;
    justify-content: flex-start;
    align-items: flex-start;
    flex-wrap: wrap;
    min-width: auto;
    width: auto;
    min-height: auto;
    height: auto;
    ;
  ",
          ";height:200px;background-color:",
          [Function],
          ";",
        ],
      },
      "displayName": "MainFooter__FooterWrap",
      "render": [Function],
      "styledComponentId": "MainFooter__FooterWrap-sc-1t0flvz-0",
      "target": [Function],
      "warnTooManyClasses": [Function],
      "withComponent": [Function],
      Symbol(Symbol.hasInstance): [Function],
    },
  },
  Symbol(enzyme.__nodes__): Array [
    Object {
      "instance": null,
      "key": undefined,
      "nodeType": "function",
      "props": Object {
        "children": <ForwardRef>
          <address>
            GitCodeShare.com ⓒ 2018
          </address>
          <ForwardRef>
            <ForwardRef
              mode="horizontal"
            >
              <MenuItem>
                <Link
                  href="https://jsdev.kr/"
                >
                  <a
                    target="_blank"
                  >
                    JSDEVKR
                  </a>
                </Link>
              </MenuItem>
              <MenuItem>
                <Link
                  href="/contributors"
                >
                  <a>
                    Contributors
                  </a>
                </Link>
              </MenuItem>
              <MenuItem>
                <Link
                  href="https://github.com/kosslab-kr/gitCodeShare.com"
                >
                  <a
                    target="_blank"
                  >
                    Github Repository
                  </a>
                </Link>
              </MenuItem>
              <MenuItem>
                <Link
                  href="/"
                >
                  <a>
                    Terms of Service
                  </a>
                </Link>
              </MenuItem>
              <MenuItem>
                <Link
                  href="/"
                >
                  <a>
                    Privacy Police
                  </a>
                </Link>
              </MenuItem>
            </ForwardRef>
          </ForwardRef>
        </ForwardRef>,
      },
      "ref": null,
      "rendered": Object {
        "instance": null,
        "key": undefined,
        "nodeType": "function",
        "props": Object {
          "children": Array [
            <address>
              GitCodeShare.com ⓒ 2018
            </address>,
            <ForwardRef>
              <ForwardRef
                mode="horizontal"
              >
                <MenuItem>
                  <Link
                    href="https://jsdev.kr/"
                  >
                    <a
                      target="_blank"
                    >
                      JSDEVKR
                    </a>
                  </Link>
                </MenuItem>
                <MenuItem>
                  <Link
                    href="/contributors"
                  >
                    <a>
                      Contributors
                    </a>
                  </Link>
                </MenuItem>
                <MenuItem>
                  <Link
                    href="https://github.com/kosslab-kr/gitCodeShare.com"
                  >
                    <a
                      target="_blank"
                    >
                      Github Repository
                    </a>
                  </Link>
                </MenuItem>
                <MenuItem>
                  <Link
                    href="/"
                  >
                    <a>
                      Terms of Service
                    </a>
                  </Link>
                </MenuItem>
                <MenuItem>
                  <Link
                    href="/"
                  >
                    <a>
                      Privacy Police
                    </a>
                  </Link>
                </MenuItem>
              </ForwardRef>
            </ForwardRef>,
          ],
        },
        "ref": null,
        "rendered": Array [
          Object {
            "instance": null,
            "key": undefined,
            "nodeType": "host",
            "props": Object {
              "children": "GitCodeShare.com ⓒ 2018",
            },
            "ref": null,
            "rendered": "GitCodeShare.com ⓒ 2018",
            "type": "address",
          },
          Object {
            "instance": null,
            "key": undefined,
            "nodeType": "function",
            "props": Object {
              "children": <ForwardRef
                mode="horizontal"
              >
                <MenuItem>
                  <Link
                    href="https://jsdev.kr/"
                  >
                    <a
                      target="_blank"
                    >
                      JSDEVKR
                    </a>
                  </Link>
                </MenuItem>
                <MenuItem>
                  <Link
                    href="/contributors"
                  >
                    <a>
                      Contributors
                    </a>
                  </Link>
                </MenuItem>
                <MenuItem>
                  <Link
                    href="https://github.com/kosslab-kr/gitCodeShare.com"
                  >
                    <a
                      target="_blank"
                    >
                      Github Repository
                    </a>
                  </Link>
                </MenuItem>
                <MenuItem>
                  <Link
                    href="/"
                  >
                    <a>
                      Terms of Service
                    </a>
                  </Link>
                </MenuItem>
                <MenuItem>
                  <Link
                    href="/"
                  >
                    <a>
                      Privacy Police
                    </a>
                  </Link>
                </MenuItem>
              </ForwardRef>,
            },
            "ref": null,
            "rendered": Object {
              "instance": null,
              "key": undefined,
              "nodeType": "function",
              "props": Object {
                "children": Array [
                  <MenuItem>
                    <Link
                      href="https://jsdev.kr/"
                    >
                      <a
                        target="_blank"
                      >
                        JSDEVKR
                      </a>
                    </Link>
                  </MenuItem>,
                  <MenuItem>
                    <Link
                      href="/contributors"
                    >
                      <a>
                        Contributors
                      </a>
                    </Link>
                  </MenuItem>,
                  <MenuItem>
                    <Link
                      href="https://github.com/kosslab-kr/gitCodeShare.com"
                    >
                      <a
                        target="_blank"
                      >
                        Github Repository
                      </a>
                    </Link>
                  </MenuItem>,
                  <MenuItem>
                    <Link
                      href="/"
                    >
                      <a>
                        Terms of Service
                      </a>
                    </Link>
                  </MenuItem>,
                  <MenuItem>
                    <Link
                      href="/"
                    >
                      <a>
                        Privacy Police
                      </a>
                    </Link>
                  </MenuItem>,
                ],
                "mode": "horizontal",
              },
              "ref": null,
              "rendered": Array [
                Object {
                  "instance": null,
                  "key": undefined,
                  "nodeType": "class",
                  "props": Object {
                    "children": <Link
                      href="https://jsdev.kr/"
                    >
                      <a
                        target="_blank"
                      >
                        JSDEVKR
                      </a>
                    </Link>,
                  },
                  "ref": null,
                  "rendered": Object {
                    "instance": null,
                    "key": undefined,
                    "nodeType": "class",
                    "props": Object {
                      "children": <a
                        target="_blank"
                      >
                        JSDEVKR
                      </a>,
                      "href": "https://jsdev.kr/",
                    },
                    "ref": null,
                    "rendered": Object {
                      "instance": null,
                      "key": undefined,
                      "nodeType": "host",
                      "props": Object {
                        "children": "JSDEVKR",
                        "target": "_blank",
                      },
                      "ref": null,
                      "rendered": "JSDEVKR",
                      "type": "a",
                    },
                    "type": [Function],
                  },
                  "type": [Function],
                },
                Object {
                  "instance": null,
                  "key": undefined,
                  "nodeType": "class",
                  "props": Object {
                    "children": <Link
                      href="/contributors"
                    >
                      <a>
                        Contributors
                      </a>
                    </Link>,
                  },
                  "ref": null,
                  "rendered": Object {
                    "instance": null,
                    "key": undefined,
                    "nodeType": "class",
                    "props": Object {
                      "children": <a>
                        Contributors
                      </a>,
                      "href": "/contributors",
                    },
                    "ref": null,
                    "rendered": Object {
                      "instance": null,
                      "key": undefined,
                      "nodeType": "host",
                      "props": Object {
                        "children": "Contributors",
                      },
                      "ref": null,
                      "rendered": "Contributors",
                      "type": "a",
                    },
                    "type": [Function],
                  },
                  "type": [Function],
                },
                Object {
                  "instance": null,
                  "key": undefined,
                  "nodeType": "class",
                  "props": Object {
                    "children": <Link
                      href="https://github.com/kosslab-kr/gitCodeShare.com"
                    >
                      <a
                        target="_blank"
                      >
                        Github Repository
                      </a>
                    </Link>,
                  },
                  "ref": null,
                  "rendered": Object {
                    "instance": null,
                    "key": undefined,
                    "nodeType": "class",
                    "props": Object {
                      "children": <a
                        target="_blank"
                      >
                        Github Repository
                      </a>,
                      "href": "https://github.com/kosslab-kr/gitCodeShare.com",
                    },
                    "ref": null,
                    "rendered": Object {
                      "instance": null,
                      "key": undefined,
                      "nodeType": "host",
                      "props": Object {
                        "children": "Github Repository",
                        "target": "_blank",
                      },
                      "ref": null,
                      "rendered": "Github Repository",
                      "type": "a",
                    },
                    "type": [Function],
                  },
                  "type": [Function],
                },
                Object {
                  "instance": null,
                  "key": undefined,
                  "nodeType": "class",
                  "props": Object {
                    "children": <Link
                      href="/"
                    >
                      <a>
                        Terms of Service
                      </a>
                    </Link>,
                  },
                  "ref": null,
                  "rendered": Object {
                    "instance": null,
                    "key": undefined,
                    "nodeType": "class",
                    "props": Object {
                      "children": <a>
                        Terms of Service
                      </a>,
                      "href": "/",
                    },
                    "ref": null,
                    "rendered": Object {
                      "instance": null,
                      "key": undefined,
                      "nodeType": "host",
                      "props": Object {
                        "children": "Terms of Service",
                      },
                      "ref": null,
                      "rendered": "Terms of Service",
                      "type": "a",
                    },
                    "type": [Function],
                  },
                  "type": [Function],
                },
                Object {
                  "instance": null,
                  "key": undefined,
                  "nodeType": "class",
                  "props": Object {
                    "children": <Link
                      href="/"
                    >
                      <a>
                        Privacy Police
                      </a>
                    </Link>,
                  },
                  "ref": null,
                  "rendered": Object {
                    "instance": null,
                    "key": undefined,
                    "nodeType": "class",
                    "props": Object {
                      "children": <a>
                        Privacy Police
                      </a>,
                      "href": "/",
                    },
                    "ref": null,
                    "rendered": Object {
                      "instance": null,
                      "key": undefined,
                      "nodeType": "host",
                      "props": Object {
                        "children": "Privacy Police",
                      },
                      "ref": null,
                      "rendered": "Privacy Police",
                      "type": "a",
                    },
                    "type": [Function],
                  },
                  "type": [Function],
                },
              ],
              "type": Object {
                "$$typeof": Symbol(react.forward_ref),
                "Divider": [Function],
                "Item": [Function],
                "ItemGroup": [Function],
                "SubMenu": [Function],
                "attrs": undefined,
                "componentStyle": ComponentStyle {
                  "componentId": "StyledMenu__MainNavMenu-l7ya14-0",
                  "isStatic": false,
                  "rules": Array [
                    "&.ant-menu{margin:0;border-bottom:none;background-color:transparent;li,li:hover,li:focus{border-bottom:none;a{color:",
                    [Function],
                    ";}}}",
                  ],
                },
                "displayName": "StyledMenu__MainNavMenu",
                "render": [Function],
                "styledComponentId": "StyledMenu__MainNavMenu-l7ya14-0",
                "target": [Function],
                "warnTooManyClasses": [Function],
                "withComponent": [Function],
                Symbol(Symbol.hasInstance): [Function],
              },
            },
            "type": Object {
              "$$typeof": Symbol(react.forward_ref),
              "attrs": undefined,
              "componentStyle": ComponentStyle {
                "componentId": "StyledFlexBox__FlexRightBox-pel0bf-1",
                "isStatic": true,
                "rules": Array [
                  "margin-left:auto;display:inherit;align-items:center;",
                ],
              },
              "displayName": "StyledFlexBox__FlexRightBox",
              "render": [Function],
              "styledComponentId": "StyledFlexBox__FlexRightBox-pel0bf-1",
              "target": "div",
              "warnTooManyClasses": [Function],
              "withComponent": [Function],
            },
          },
        ],
        "type": Object {
          "$$typeof": Symbol(react.forward_ref),
          "attrs": undefined,
          "componentStyle": ComponentStyle {
            "componentId": "MainFooter__FooterContainer-sc-1t0flvz-1",
            "isStatic": true,
            "rules": Array [
              "width:100%;max-width:1200px;margin:0 auto;",
              "display:inherit;padding-top:28px;address{margin:auto 0;}",
            ],
          },
          "displayName": "MainFooter__FooterContainer",
          "render": [Function],
          "styledComponentId": "MainFooter__FooterContainer-sc-1t0flvz-1",
          "target": "div",
          "warnTooManyClasses": [Function],
          "withComponent": [Function],
        },
      },
      "type": Object {
        "$$typeof": Symbol(react.forward_ref),
        "attrs": undefined,
        "componentStyle": ComponentStyle {
          "componentId": "MainFooter__FooterWrap-sc-1t0flvz-0",
          "isStatic": false,
          "rules": Array [
            "
    position: relative;
    display: flex;
    flex-direction: row;
    justify-content: flex-start;
    align-items: flex-start;
    flex-wrap: wrap;
    min-width: auto;
    width: auto;
    min-height: auto;
    height: auto;
    ;
  ",
            ";height:200px;background-color:",
            [Function],
            ";",
          ],
        },
        "displayName": "MainFooter__FooterWrap",
        "render": [Function],
        "styledComponentId": "MainFooter__FooterWrap-sc-1t0flvz-0",
        "target": [Function],
        "warnTooManyClasses": [Function],
        "withComponent": [Function],
        Symbol(Symbol.hasInstance): [Function],
      },
    },
  ],
  Symbol(enzyme.__options__): Object {
    "adapter": ReactSixteenAdapter {
      "options": Object {
        "enableComponentDidUpdateOnSetState": true,
        "lifecycles": Object {
          "componentDidUpdate": Object {
            "onSetState": true,
          },
          "getDerivedStateFromProps": true,
          "getSnapshotBeforeUpdate": true,
          "setState": Object {
            "skipsComponentDidUpdateOnNullish": true,
          },
        },
      },
    },
  },
}
`;
