// Jest Snapshot v1, https://goo.gl/fbAQLP

exports[`MainNav should render 1`] = `
ShallowWrapper {
  Symbol(enzyme.__root__): [Circular],
  Symbol(enzyme.__unrendered__): <ThemeProvider
    theme={
      Object {
        "colorPalette": Object {
          "blueCharcoal": "#222b33",
          "blueViolet": "#9013fe",
          "comet": "#5e616e",
          "deepMagenta": "#bd10e0",
          "gainsBoro": "#d8d8d8",
          "gullGray": "#a4adb4",
          "neonBlue": "#5147ff",
          "patternsBlue": "#dbe3e9",
          "silver": "#c7c5c5",
        },
        "primaryColor": "#000",
        "primaryTextColor": "#fff",
      }
    }
  >
    <MainNav />
  </ThemeProvider>,
  Symbol(enzyme.__renderer__): Object {
    "batchedUpdates": [Function],
    "getNode": [Function],
    "render": [Function],
    "simulateError": [Function],
    "simulateEvent": [Function],
    "unmount": [Function],
  },
  Symbol(enzyme.__node__): Object {
    "instance": null,
    "key": undefined,
    "nodeType": "function",
    "props": Object {
      "children": [Function],
    },
    "ref": null,
    "rendered": [Function],
    "type": Object {
      "$$typeof": Symbol(react.context),
      "Consumer": [Circular],
      "Provider": Object {
        "$$typeof": Symbol(react.provider),
        "_context": [Circular],
      },
      "_calculateChangedBits": null,
      "_currentRenderer": null,
      "_currentRenderer2": null,
      "_currentValue": undefined,
      "_currentValue2": undefined,
      "unstable_read": [Function],
    },
  },
  Symbol(enzyme.__nodes__): Array [
    Object {
      "instance": null,
      "key": undefined,
      "nodeType": "function",
      "props": Object {
        "children": [Function],
      },
      "ref": null,
      "rendered": [Function],
      "type": Object {
        "$$typeof": Symbol(react.context),
        "Consumer": [Circular],
        "Provider": Object {
          "$$typeof": Symbol(react.provider),
          "_context": [Circular],
        },
        "_calculateChangedBits": null,
        "_currentRenderer": null,
        "_currentRenderer2": null,
        "_currentValue": undefined,
        "_currentValue2": undefined,
        "unstable_read": [Function],
      },
    },
  ],
  Symbol(enzyme.__options__): Object {
    "adapter": ReactSixteenAdapter {
      "options": Object {
        "enableComponentDidUpdateOnSetState": true,
        "lifecycles": Object {
          "componentDidUpdate": Object {
            "onSetState": true,
          },
          "getDerivedStateFromProps": true,
          "getSnapshotBeforeUpdate": true,
          "setState": Object {
            "skipsComponentDidUpdateOnNullish": true,
          },
        },
      },
    },
  },
}
`;
