// Jest Snapshot v1, https://goo.gl/fbAQLP

exports[`StyledBadge should render 1`] = `
<span
  className="StyledBadge__GithubBadge-ntn0v4-2 esXKtI ant-badge ant-badge-not-a-wrapper"
/>
`;
